
<interactive>:7:4:
    Couldn't match expected type ‛main::Interactive.Planet’
                with actual type ‛Planet’
    In the first argument of ‛pn’, namely ‛Mercury’
    In the expression: pn Mercury

<interactive>:8:4:
    Couldn't match expected type ‛main::Interactive.Planet’
                with actual type ‛Planet’
    In the first argument of ‛pn’, namely ‛Venus’
    In the expression: pn Venus

<interactive>:9:4:
    Couldn't match expected type ‛main::Interactive.Planet’
                with actual type ‛Planet’
    In the first argument of ‛pn’, namely ‛Mars’
    In the expression: pn Mars

<interactive>:11:44:
    Couldn't match expected type ‛Planet’
                with actual type ‛main::Interactive.Planet’
    In the pattern: Earth
    In an equation for ‛pn’: pn Earth = "E"
