
T7848.hs:10:9:
    Couldn't match expected type ‛forall a. a’
                with actual type ‛t -> t1 -> A -> A -> A -> A -> t2’
    Relevant bindings include
      x :: t -> t1 -> A -> A -> A -> A -> t2 (bound at T7848.hs:6:1)
      (+) :: t (bound at T7848.hs:6:3)
      (&) :: t1 (bound at T7848.hs:6:8)
      z :: t1 (bound at T7848.hs:6:12)
    In the SPECIALISE pragma {-# SPECIALIZE (&) :: a #-}
    In an equation for ‛x’:
        x (+) ((&)@z) ((:&&) a b) (c :&& d) (e `A` f) (A g h)
          = y
          where
              infixl 3 `y`
              y _ = (&)
              {-# INLINE (&) #-}
              {-# SPECIALIZE (&) :: a #-}
              (&) = x
