data Main.R = Main.MkR {Main.$sel:foo:R :: GHC.Types.Int}

42
