
Overlap7.hs:7:3:
    Conflicting family instance declarations:
      F Int a -- Defined at Overlap7.hs:7:3
      F a Int -- Defined at Overlap7.hs:9:15

Overlap7.hs:8:3:
    Conflicting family instance declarations:
      F a b -- Defined at Overlap7.hs:8:3
      F a Int -- Defined at Overlap7.hs:9:15
