
Overlap10.hs:11:5:
    Couldn't match expected type `F a Bool' with actual type `Bool'
    Relevant bindings include
      g :: F a Bool (bound at Overlap10.hs:11:1)
    In the expression: False
    In an equation for `g': g = False
