inside d: t_0
inside b: a_0
type of c: GHC.Types.Bool
inside f: GHC.Types.Bool
type of e: GHC.Types.Bool
