
TH_Roles1.hs:7:4:
    Illegal role annotation for T;
    did you intend to use RoleAnnotations?
