
T7734.hs:4:13:
    Occurs check: cannot construct the infinite type: t2 ~ t2 -> t1
    Relevant bindings include
      f :: (t2 -> t1) -> t -> t1 (bound at T7734.hs:4:1)
      x :: t2 -> t1 (bound at T7734.hs:4:1)
    In the first argument of ‛x’, namely ‛x’
    In the expression: x x

T7734.hs:5:13:
    Occurs check: cannot construct the infinite type: t2 ~ t2 -> t1
    Relevant bindings include
      (&) :: (t2 -> t1) -> t -> t1 (bound at T7734.hs:5:1)
      x :: t2 -> t1 (bound at T7734.hs:5:5)
    In the first argument of ‛x’, namely ‛x’
    In the expression: x x
