
tcfail169.hs:7:51:
    No instance for (Show (Succ a))
      arising from the 'deriving' clause of a data type declaration
    Possible fix:
      use a standalone 'deriving instance' declaration,
        so you can specify the instance context yourself
    When deriving the instance for (Show (Seq a))
