
tcfail122.hs:8:9:
    Couldn't match kind `* -> *' with `*'
    When matching types
      d0 :: * -> *
      b :: *
    Expected type: a b
      Actual type: c0 d0
    In the expression:
        undefined :: forall (c :: (* -> *) -> *) (d :: * -> *). c d
    In the expression:
      [undefined :: forall a b. a b,
       undefined :: forall (c :: (* -> *) -> *) (d :: * -> *). c d]
    In an equation for `foo':
        foo
          = [undefined :: forall a b. a b,
             undefined :: forall (c :: (* -> *) -> *) (d :: * -> *). c d]
