    {- Arity: 1, HasNoCafRefs, Strictness: <S,U>m,
       Unfolding: InlineRule (0, True, True)
                  Eta.bof `cast` (Sym (Eta.NTCo:Foo[0]) -> Refl Eta.T) -}
