
Roles5.hs:7:1:
    Illegal role annotation for T;
    did you intend to use RoleAnnotations?

Roles5.hs:8:1:
    Illegal role annotation for C;
    did you intend to use RoleAnnotations?

Roles5.hs:9:1:
    Illegal role annotation for S;
    they are allowed only for datatypes and classes.
